[20:44:00.196] === Simulation session started ===
[20:44:00.527] === Simulation session started ===
[20:44:05.214] No idle drones available for zone 1; waiting to preserve order
[20:44:06.214] No idle drones available for zone 1; waiting to preserve order
[20:44:07.215] No idle drones available for zone 1; waiting to preserve order
[20:44:08.215] No idle drones available for zone 1; waiting to preserve order
[20:44:09.216] No idle drones available for zone 1; waiting to preserve order
[20:44:10.216] No idle drones available for zone 1; waiting to preserve order
[20:44:11.217] No idle drones available for zone 1; waiting to preserve order
[20:44:12.218] No idle drones available for zone 1; waiting to preserve order
[20:44:13.218] No idle drones available for zone 1; waiting to preserve order
[20:44:14.218] No idle drones available for zone 1; waiting to preserve order
[20:44:15.219] No idle drones available for zone 1; waiting to preserve order
[20:44:16.220] No idle drones available for zone 1; waiting to preserve order
[20:44:17.220] No idle drones available for zone 1; waiting to preserve order
[20:44:18.221] No idle drones available for zone 1; waiting to preserve order
[20:44:19.222] No idle drones available for zone 1; waiting to preserve order
[20:44:20.222] No idle drones available for zone 1; waiting to preserve order
[20:44:21.223] No idle drones available for zone 1; waiting to preserve order
[20:44:22.223] No idle drones available for zone 1; waiting to preserve order
[20:44:23.224] No idle drones available for zone 1; waiting to preserve order
[20:44:24.224] No idle drones available for zone 1; waiting to preserve order
[20:44:25.225] No idle drones available for zone 1; waiting to preserve order
[20:44:26.225] No idle drones available for zone 1; waiting to preserve order
[20:44:27.226] No idle drones available for zone 1; waiting to preserve order
[20:44:28.226] No idle drones available for zone 1; waiting to preserve order
[20:44:29.227] No idle drones available for zone 1; waiting to preserve order
[20:44:30.227] No idle drones available for zone 1; waiting to preserve order
[20:44:31.228] No idle drones available for zone 1; waiting to preserve order
[20:44:32.228] No idle drones available for zone 1; waiting to preserve order
[20:44:33.229] No idle drones available for zone 1; waiting to preserve order
[20:44:34.229] No idle drones available for zone 1; waiting to preserve order
[20:44:35.230] No idle drones available for zone 1; waiting to preserve order
[20:44:36.231] No idle drones available for zone 1; waiting to preserve order
[20:45:50.087] === Simulation session started ===
[20:45:50.408] === Simulation session started ===
[20:46:07.138] Zone 1 still needs 15L; re-queueing
[20:46:22.736] Zone 2 still needs 5L; re-queueing
[20:49:56.755] === Simulation session started ===
[20:49:57.064] === Simulation session started ===
[20:50:03.770] No idle drones available for zone 2; waiting to preserve order
[20:50:04.771] No idle drones available for zone 2; waiting to preserve order
[20:50:05.771] No idle drones available for zone 2; waiting to preserve order
[20:50:06.772] No idle drones available for zone 2; waiting to preserve order
[20:50:07.772] No idle drones available for zone 2; waiting to preserve order
[20:50:08.772] No idle drones available for zone 2; waiting to preserve order
[20:50:09.773] No idle drones available for zone 2; waiting to preserve order
[20:50:10.773] No idle drones available for zone 2; waiting to preserve order
[20:50:11.774] No idle drones available for zone 2; waiting to preserve order
[20:50:12.775] No idle drones available for zone 2; waiting to preserve order
[20:50:13.775] No idle drones available for zone 2; waiting to preserve order
[20:50:14.776] No idle drones available for zone 2; waiting to preserve order
[20:50:46.479] === Simulation session started ===
[20:50:46.774] === Simulation session started ===
[20:50:51.528] No idle drones available for zone 1; waiting to preserve order
[20:50:52.529] No idle drones available for zone 1; waiting to preserve order
[20:50:53.530] No idle drones available for zone 1; waiting to preserve order
[20:50:54.530] No idle drones available for zone 1; waiting to preserve order
[20:50:55.531] No idle drones available for zone 1; waiting to preserve order
[20:50:56.531] No idle drones available for zone 1; waiting to preserve order
[20:50:57.532] No idle drones available for zone 1; waiting to preserve order
[20:50:58.533] No idle drones available for zone 1; waiting to preserve order
[20:50:59.533] No idle drones available for zone 1; waiting to preserve order
[20:51:00.534] No idle drones available for zone 1; waiting to preserve order
[20:51:01.534] No idle drones available for zone 1; waiting to preserve order
[20:52:20.110] === Simulation session started ===
[20:52:20.438] === Simulation session started ===
[20:52:37.108] Zone 1 still needs 15L; re-queueing
[20:52:52.709] Zone 2 still needs 5L; re-queueing
[20:54:29.397] === Simulation session started ===
[20:54:29.694] === Simulation session started ===
[20:56:02.110] === Simulation session started ===
[20:56:02.401] === Simulation session started ===
[20:56:19.147] Zone 1 still needs 15L; re-queueing
[20:57:06.176] === Simulation session started ===
[20:57:06.486] === Simulation session started ===
[20:57:23.205] Zone 1 still needs 15L; re-queueing
[20:57:38.808] Zone 2 still needs 5L; re-queueing
[20:59:29.373] === Simulation session started ===
[20:59:29.585] === Simulation session started ===
[20:59:30.296] === Simulation session started ===
[20:59:31.005] === Simulation session started ===
[20:59:36.013] === Simulation session started ===
[20:59:36.720] === Simulation session started ===
[20:59:36.722] No idle drones available for zone 1; waiting to preserve order
[20:59:38.727] === Simulation session started ===
[20:59:38.980] === Simulation session started ===
[20:59:39.233] === Simulation session started ===
[20:59:39.990] === Simulation session started ===
[20:59:40.497] === Simulation session started ===
[20:59:40.498] === Simulation session started ===
[20:59:40.499] === Simulation session started ===
[20:59:40.499] === Simulation session started ===
[20:59:40.504] === Simulation session started ===
[20:59:40.505] === Simulation session started ===
[20:59:40.506] === Simulation session started ===
[20:59:40.507] === Simulation session started ===
[20:59:42.162] === Simulation session started ===
[20:59:42.163] === Simulation session started ===
[20:59:42.164] === Simulation session started ===
[20:59:42.919] === Simulation session started ===
[20:59:42.920] === Simulation session started ===
[20:59:42.921] === Simulation session started ===
[20:59:43.695] === Simulation session started ===
[20:59:46.603] === Simulation session started ===
[20:59:49.511] === Simulation session started ===
[20:59:49.764] === Simulation session started ===
[21:06:39.355] === Simulation session started ===
[21:06:39.570] === Simulation session started ===
[21:06:40.286] === Simulation session started ===
[21:06:40.996] === Simulation session started ===
[21:06:46.004] === Simulation session started ===
[21:06:46.713] === Simulation session started ===
[21:06:46.714] No idle drones available for zone 1; waiting to preserve order
[21:06:48.720] === Simulation session started ===
[21:06:48.973] === Simulation session started ===
[21:06:49.226] === Simulation session started ===
[21:06:49.983] === Simulation session started ===
[21:06:50.491] === Simulation session started ===
[21:06:50.493] === Simulation session started ===
[21:06:50.494] === Simulation session started ===
[21:06:50.495] === Simulation session started ===
[21:06:50.500] === Simulation session started ===
[21:06:50.502] === Simulation session started ===
[21:06:50.503] === Simulation session started ===
[21:06:50.505] === Simulation session started ===
[21:06:52.160] === Simulation session started ===
[21:06:52.161] === Simulation session started ===
[21:06:52.163] === Simulation session started ===
[21:06:52.917] === Simulation session started ===
[21:06:52.918] === Simulation session started ===
[21:06:52.919] === Simulation session started ===
[21:06:53.697] === Simulation session started ===
[21:06:56.604] === Simulation session started ===
[21:06:59.514] === Simulation session started ===
[21:06:59.767] === Simulation session started ===
[21:07:43.782] === Simulation session started ===
[21:07:44.094] === Simulation session started ===
[21:08:00.812] Zone 1 still needs 15L; re-queueing
[21:08:16.413] Zone 2 still needs 5L; re-queueing
[21:09:37.146] === Simulation session started ===
[21:09:37.437] === Simulation session started ===
[21:09:54.192] Zone 1 still needs 15L; re-queueing
[21:10:57.868] === Simulation session started ===
[21:10:58.165] === Simulation session started ===
[21:11:14.907] Zone 1 still needs 15L; re-queueing
[21:11:30.511] Zone 2 still needs 5L; re-queueing
[21:11:44.894] === Simulation session started ===
[21:11:45.194] === Simulation session started ===
[21:25:10.807] === Simulation session started ===
[21:25:11.109] === Simulation session started ===
[21:31:12.510] === Simulation session started ===
[21:31:12.805] === Simulation session started ===
[21:31:29.575] Zone 1 still needs 15L; re-queueing
[21:31:45.176] Zone 2 still needs 5L; re-queueing
[11:37:18.806] === Simulation session started ===
[11:37:19.593] === Simulation session started ===
[11:37:33.498] Zone 1 still needs 15L; re-queueing
[11:37:40.130] Zone 2 still needs 5L; re-queueing
[11:37:43.206] Zone 3 still needs 35L; re-queueing
[11:41:38.604] === Simulation session started ===
[11:41:38.827] Zone 1 already active; queued follow-up fire (LOW)
[11:41:40.829] Zone 1 follow-up fire is now active
[11:41:40.848] === Simulation session started ===
[11:41:41.561] === Simulation session started ===
[11:41:41.563] No idle drones available for zone 1; waiting to preserve order
[11:43:07.960] === Simulation session started ===
[11:43:08.255] === Simulation session started ===
[11:43:22.977] Zone 1 already active; queued follow-up fire (LOW)
[11:43:23.889] Zone 1 still needs 5L; re-queueing
[11:43:24.977] Zone 2 already active; queued follow-up fire (LOW)
[11:43:26.978] Zone 4 already active; queued follow-up fire (HIGH)
[11:43:28.978] Zone 5 already active; queued follow-up fire (HIGH)
[11:43:30.521] Zone 2 follow-up fire is now active
[11:43:30.979] Zone 3 already active; queued follow-up fire (HIGH)
[11:43:32.980] Zone 1 already active; queued follow-up fire (LOW)
[11:43:33.597] Zone 3 still needs 5L; re-queueing
[11:43:34.980] Zone 5 already active; queued follow-up fire (LOW)
[11:43:36.981] Zone 3 already active; queued follow-up fire (HIGH)
[11:43:38.706] Zone 5 follow-up fire is now active
[11:43:38.981] Zone 4 already active; queued follow-up fire (HIGH)
[11:43:40.982] Zone 5 already active; queued follow-up fire (HIGH)
[11:43:41.309] Zone 1 follow-up fire is now active
[11:43:42.983] Zone 2 already active; queued follow-up fire (HIGH)
[11:43:44.714] Zone 4 still needs 5L; re-queueing
[11:43:44.983] Zone 3 already active; queued follow-up fire (HIGH)
[11:43:46.984] Zone 1 already active; queued follow-up fire (HIGH)
[11:43:48.050] Zone 2 follow-up fire is now active
[11:43:48.216] Zone 3 follow-up fire is now active
[11:43:48.985] Zone 4 already active; queued follow-up fire (LOW)
[11:43:50.219] Zone 1 follow-up fire is now active
[11:43:50.985] Zone 5 already active; queued follow-up fire (HIGH)
[11:43:52.986] Zone 2 already active; queued follow-up fire (LOW)
[11:43:54.986] Zone 3 already active; queued follow-up fire (MODERATE)
[11:43:56.987] Zone 4 already active; queued follow-up fire (MODERATE)
[11:43:58.987] Zone 2 already active; queued follow-up fire (LOW)
[11:43:59.128] Zone 1 follow-up fire is now active
[11:44:00.429] Zone 3 still needs 15L; re-queueing
[11:44:00.988] Zone 5 already active; queued follow-up fire (HIGH)
[11:44:02.988] Zone 4 already active; queued follow-up fire (HIGH)
[11:44:04.989] Zone 3 already active; queued follow-up fire (MODERATE)
[11:44:05.034] Zone 4 follow-up fire is now active
[11:44:05.575] Zone 2 still needs 15L; re-queueing
[11:44:06.990] Zone 1 already active; queued follow-up fire (LOW)
[11:44:08.035] Zone 1 still needs 15L; re-queueing
[11:44:08.990] Zone 2 already active; queued follow-up fire (MODERATE)
[11:44:10.783] Zone 5 still needs 15L; re-queueing
[11:44:10.991] Zone 5 already active; queued follow-up fire (HIGH)
[11:44:15.298] === Simulation session started ===
[11:44:15.590] === Simulation session started ===
[11:47:14.446] === Simulation session started ===
[11:47:14.753] === Simulation session started ===
[11:47:21.439] No idle drones available for zone 1; waiting to preserve order
[11:47:22.439] No idle drones available for zone 1; waiting to preserve order
[11:47:23.440] No idle drones available for zone 1; waiting to preserve order
[11:47:24.440] No idle drones available for zone 1; waiting to preserve order
[11:47:25.440] No idle drones available for zone 1; waiting to preserve order
[11:47:26.441] No idle drones available for zone 1; waiting to preserve order
[11:47:27.441] No idle drones available for zone 1; waiting to preserve order
[11:47:28.441] No idle drones available for zone 1; waiting to preserve order
[11:47:29.441] Zone 1 already active; queued follow-up fire (LOW)
[11:47:29.442] No idle drones available for zone 1; waiting to preserve order
[11:47:30.442] No idle drones available for zone 1; waiting to preserve order
[11:47:31.442] Zone 2 already active; queued follow-up fire (LOW)
[11:47:31.443] No idle drones available for zone 1; waiting to preserve order
[11:47:32.443] No idle drones available for zone 1; waiting to preserve order
[11:47:33.442] Zone 4 already active; queued follow-up fire (HIGH)
[11:47:33.443] No idle drones available for zone 1; waiting to preserve order
[11:47:34.444] No idle drones available for zone 1; waiting to preserve order
[11:47:35.443] Zone 5 already active; queued follow-up fire (HIGH)
[11:47:35.444] No idle drones available for zone 1; waiting to preserve order
[11:47:36.444] No idle drones available for zone 1; waiting to preserve order
[11:47:36.995] Zone 2 follow-up fire is now active
[11:47:37.444] Zone 3 already active; queued follow-up fire (HIGH)
[11:47:37.445] No idle drones available for zone 1; waiting to preserve order
[11:47:38.445] No idle drones available for zone 1; waiting to preserve order
[11:47:39.444] Zone 1 already active; queued follow-up fire (LOW)
[11:47:39.446] No idle drones available for zone 1; waiting to preserve order
[11:47:40.446] No idle drones available for zone 1; waiting to preserve order
[11:49:09.791] === Simulation session started ===
[11:49:10.075] === Simulation session started ===
[11:49:24.820] Zone 1 already active; queued follow-up fire (LOW)
[11:49:25.736] Zone 1 still needs 5L; re-queueing
[11:49:26.236] No idle drones available for zone 4; waiting to preserve order
[11:49:26.820] Zone 2 already active; queued follow-up fire (LOW)
[11:49:27.236] No idle drones available for zone 4; waiting to preserve order
[11:49:28.237] No idle drones available for zone 4; waiting to preserve order
[11:49:28.820] Zone 4 already active; queued follow-up fire (HIGH)
[11:49:29.237] No idle drones available for zone 4; waiting to preserve order
[11:49:30.237] No idle drones available for zone 4; waiting to preserve order
[11:49:30.821] Zone 5 already active; queued follow-up fire (HIGH)
[11:49:31.238] No idle drones available for zone 4; waiting to preserve order
[11:49:32.241] No idle drones available for zone 4; waiting to preserve order
[11:49:32.369] Zone 2 follow-up fire is now active
[11:49:32.822] Zone 3 already active; queued follow-up fire (HIGH)
[11:49:33.742] No idle drones available for zone 2; waiting to preserve order
[11:49:34.743] No idle drones available for zone 2; waiting to preserve order
[11:49:34.822] Zone 1 already active; queued follow-up fire (LOW)
[11:49:35.451] Zone 3 still needs 5L; re-queueing
[11:49:35.743] No idle drones available for zone 2; waiting to preserve order
[11:49:36.743] No idle drones available for zone 2; waiting to preserve order
[11:49:36.823] Zone 5 already active; queued follow-up fire (LOW)
[11:49:37.744] No idle drones available for zone 2; waiting to preserve order
[11:49:38.744] No idle drones available for zone 2; waiting to preserve order
[11:49:38.823] Zone 3 already active; queued follow-up fire (HIGH)
[11:49:39.745] No idle drones available for zone 2; waiting to preserve order
[11:49:40.565] Zone 5 follow-up fire is now active
[11:49:40.745] No idle drones available for zone 2; waiting to preserve order
[11:49:40.824] Zone 4 already active; queued follow-up fire (HIGH)
[11:49:41.745] No idle drones available for zone 2; waiting to preserve order
[11:49:42.746] No idle drones available for zone 2; waiting to preserve order
[11:49:42.825] Zone 5 already active; queued follow-up fire (HIGH)
[11:49:43.168] Zone 1 follow-up fire is now active
[11:49:43.746] No idle drones available for zone 2; waiting to preserve order
[11:49:44.746] No idle drones available for zone 2; waiting to preserve order
[11:49:44.826] Zone 2 already active; queued follow-up fire (HIGH)
[11:49:45.747] No idle drones available for zone 2; waiting to preserve order
[11:49:46.826] Zone 3 already active; queued follow-up fire (HIGH)
[11:49:47.248] No idle drones available for zone 3; waiting to preserve order
[11:49:48.749] No idle drones available for zone 5; waiting to preserve order
[11:49:48.827] Zone 1 already active; queued follow-up fire (HIGH)
[11:49:49.750] No idle drones available for zone 5; waiting to preserve order
[11:49:50.750] No idle drones available for zone 5; waiting to preserve order
[11:49:50.828] Zone 4 already active; queued follow-up fire (LOW)
[11:49:51.752] No idle drones available for zone 5; waiting to preserve order
[11:49:52.752] No idle drones available for zone 5; waiting to preserve order
[11:49:52.828] Zone 5 already active; queued follow-up fire (HIGH)
[11:49:53.585] Zone 4 still needs 5L; re-queueing
[11:49:53.753] No idle drones available for zone 5; waiting to preserve order
[11:49:54.753] No idle drones available for zone 5; waiting to preserve order
[11:49:54.829] Zone 2 already active; queued follow-up fire (LOW)
[11:51:29.188] === Simulation session started ===
[11:51:29.498] === Simulation session started ===
[11:51:44.189] Zone 1 already active; queued follow-up fire (LOW)
[11:51:45.106] Zone 1 still needs 5L; re-queueing
[11:51:45.606] No idle drones available for zone 4; waiting to preserve order
[11:51:46.189] Zone 2 already active; queued follow-up fire (LOW)
[11:51:46.607] No idle drones available for zone 4; waiting to preserve order
[11:51:47.607] No idle drones available for zone 4; waiting to preserve order
[11:51:48.190] Zone 4 already active; queued follow-up fire (HIGH)
[11:51:48.608] No idle drones available for zone 4; waiting to preserve order
[11:51:49.608] No idle drones available for zone 4; waiting to preserve order
[11:51:50.190] Zone 5 already active; queued follow-up fire (HIGH)
[11:51:50.608] No idle drones available for zone 4; waiting to preserve order
[11:51:51.609] No idle drones available for zone 4; waiting to preserve order
[11:51:51.737] Zone 2 follow-up fire is now active
[11:51:52.191] Zone 3 already active; queued follow-up fire (HIGH)
[11:51:53.110] No idle drones available for zone 2; waiting to preserve order
[11:51:54.110] No idle drones available for zone 2; waiting to preserve order
[11:51:54.191] Zone 1 already active; queued follow-up fire (LOW)
[11:51:54.823] Zone 3 still needs 5L; re-queueing
[11:51:55.111] No idle drones available for zone 2; waiting to preserve order
[11:51:56.111] No idle drones available for zone 2; waiting to preserve order
[11:51:56.192] Zone 5 already active; queued follow-up fire (LOW)
[11:51:57.111] No idle drones available for zone 2; waiting to preserve order
[11:51:58.112] No idle drones available for zone 2; waiting to preserve order
[11:51:58.192] Zone 3 already active; queued follow-up fire (HIGH)
[11:51:59.112] No idle drones available for zone 2; waiting to preserve order
[11:51:59.936] Zone 5 follow-up fire is now active
[11:52:00.113] No idle drones available for zone 2; waiting to preserve order
[11:52:00.193] Zone 4 already active; queued follow-up fire (HIGH)
[11:52:01.113] No idle drones available for zone 2; waiting to preserve order
[11:52:02.113] No idle drones available for zone 2; waiting to preserve order
[11:52:02.194] Zone 5 already active; queued follow-up fire (HIGH)
[11:52:02.543] Zone 1 follow-up fire is now active
[11:56:25.743] === Simulation session started ===
[11:56:26.078] === Simulation session started ===
[11:56:51.693] Zone 1 still needs 5L; re-queueing
[11:56:52.192] No idle drones available for zone 4; waiting to preserve order
[11:56:53.193] No idle drones available for zone 4; waiting to preserve order
[11:56:54.193] No idle drones available for zone 4; waiting to preserve order
[11:56:55.194] No idle drones available for zone 4; waiting to preserve order
[11:56:56.194] No idle drones available for zone 4; waiting to preserve order
[11:56:57.195] No idle drones available for zone 4; waiting to preserve order
[11:56:58.195] No idle drones available for zone 4; waiting to preserve order
[11:57:00.544] Zone 3 still needs 5L; re-queueing
[11:57:00.545] No idle drones available for zone 3; waiting to preserve order
[11:57:01.545] No idle drones available for zone 3; waiting to preserve order
[11:57:19.539] Zone 4 still needs 5L; re-queueing
[11:57:23.353] No idle drones available for zone 1; waiting to preserve order
[11:57:24.353] No idle drones available for zone 1; waiting to preserve order
[11:57:27.793] No idle drones available for zone 2; waiting to preserve order
[11:57:28.794] No idle drones available for zone 2; waiting to preserve order
[11:57:33.374] Zone 4 already active; queued follow-up fire (HIGH)
[11:57:33.555] No idle drones available for zone 5; waiting to preserve order
[11:57:39.047] === Simulation session started ===
[11:57:39.266] === Simulation session started ===
[11:57:39.977] === Simulation session started ===
[11:57:40.686] === Simulation session started ===
[11:57:45.692] === Simulation session started ===
[11:57:52.197] === Simulation session started ===
[11:57:52.198] === Simulation session started ===
[11:57:52.199] === Simulation session started ===
[11:57:52.953] === Simulation session started ===
[11:57:52.954] === Simulation session started ===
[11:57:52.955] === Simulation session started ===
[11:57:53.713] === Simulation session started ===
[11:57:53.915] Zone 1 already active; queued follow-up fire (LOW)
[11:57:55.916] Zone 1 follow-up fire is now active
[11:57:55.932] === Simulation session started ===
[11:57:56.642] === Simulation session started ===
[11:57:56.643] No idle drones available for zone 1; waiting to preserve order
[11:57:58.649] === Simulation session started ===
[11:57:58.902] === Simulation session started ===
[11:57:59.156] === Simulation session started ===
[11:57:59.914] === Simulation session started ===
[11:58:00.420] === Simulation session started ===
[11:58:00.421] === Simulation session started ===
[11:58:00.421] === Simulation session started ===
[11:58:00.422] === Simulation session started ===
[11:58:00.423] === Simulation session started ===
[11:58:00.427] === Simulation session started ===
[11:58:00.428] === Simulation session started ===
[11:58:00.429] === Simulation session started ===
[11:58:00.447] === Simulation session started ===
[11:58:03.355] === Simulation session started ===
[11:58:06.262] === Simulation session started ===
[11:58:06.515] === Simulation session started ===
[11:58:14.049] No idle drones available for zone 1; waiting to preserve order
[11:58:15.049] No idle drones available for zone 1; waiting to preserve order
[11:59:48.532] === Simulation session started ===
[11:59:48.760] === Simulation session started ===
[11:59:49.472] === Simulation session started ===
[11:59:50.185] === Simulation session started ===
[11:59:55.194] === Simulation session started ===
[12:02:51.079] === Simulation session started ===
[12:02:51.298] === Simulation session started ===
[12:02:52.012] === Simulation session started ===
[12:02:52.724] === Simulation session started ===
[12:02:57.731] === Simulation session started ===
[12:02:59.386] === Simulation session started ===
[12:02:59.387] === Simulation session started ===
[12:02:59.389] === Simulation session started ===
[12:03:00.143] === Simulation session started ===
[12:03:00.144] === Simulation session started ===
[12:03:00.146] === Simulation session started ===
[12:03:00.904] === Simulation session started ===
[12:03:01.107] Zone 1 already active; queued follow-up fire (LOW)
[12:03:03.108] Zone 1 follow-up fire is now active
[12:03:03.119] === Simulation session started ===
[12:03:03.828] === Simulation session started ===
[12:03:03.829] No idle drones available for zone 1; waiting to preserve order
[12:03:05.834] === Simulation session started ===
[12:03:06.088] === Simulation session started ===
[12:03:06.341] === Simulation session started ===
[12:03:07.098] === Simulation session started ===
[12:03:07.605] === Simulation session started ===
[12:03:07.605] === Simulation session started ===
[12:03:07.606] === Simulation session started ===
[12:03:07.607] === Simulation session started ===
[12:03:07.607] === Simulation session started ===
[12:03:07.612] === Simulation session started ===
[12:03:07.613] === Simulation session started ===
[12:03:07.614] === Simulation session started ===
[12:03:07.631] === Simulation session started ===
[12:03:10.538] === Simulation session started ===
[12:03:13.446] === Simulation session started ===
[12:03:13.699] === Simulation session started ===
[12:12:44.502] === Simulation session started ===
[12:12:44.820] === Simulation session started ===
[12:13:10.517] Zone 1 still needs 5L; re-queueing
[12:13:11.017] No idle drones available for zone 4; waiting to preserve order
[12:13:12.018] No idle drones available for zone 4; waiting to preserve order
[12:13:13.018] No idle drones available for zone 4; waiting to preserve order
[12:13:14.018] No idle drones available for zone 4; waiting to preserve order
[12:13:15.019] No idle drones available for zone 4; waiting to preserve order
[12:13:16.019] No idle drones available for zone 4; waiting to preserve order
[12:13:17.019] No idle drones available for zone 4; waiting to preserve order
[12:13:19.372] Zone 3 still needs 5L; re-queueing
[12:13:19.372] No idle drones available for zone 3; waiting to preserve order
[12:13:20.372] No idle drones available for zone 3; waiting to preserve order
[12:13:38.361] Zone 4 still needs 5L; re-queueing
[12:13:42.180] No idle drones available for zone 1; waiting to preserve order
[12:13:43.181] No idle drones available for zone 1; waiting to preserve order
[12:13:46.621] No idle drones available for zone 2; waiting to preserve order
[12:13:47.621] No idle drones available for zone 2; waiting to preserve order
[12:13:52.202] Zone 4 already active; queued follow-up fire (HIGH)
[12:13:52.382] No idle drones available for zone 5; waiting to preserve order
[12:13:53.383] No idle drones available for zone 5; waiting to preserve order
[12:13:54.383] No idle drones available for zone 5; waiting to preserve order
[12:13:55.383] No idle drones available for zone 5; waiting to preserve order
[12:13:55.993] Zone 4 follow-up fire is now active
[12:13:56.884] No idle drones available for zone 4; waiting to preserve order
[12:13:57.885] No idle drones available for zone 4; waiting to preserve order
[12:13:58.696] Zone 4 still needs 15L; re-queueing
[12:13:58.885] No idle drones available for zone 4; waiting to preserve order
[12:14:16.908] No idle drones available for zone 1; waiting to preserve order
[12:14:17.908] No idle drones available for zone 1; waiting to preserve order
[12:14:18.113] Zone 3 still needs 15L; re-queueing
[12:14:18.908] No idle drones available for zone 1; waiting to preserve order
[12:14:19.909] No idle drones available for zone 1; waiting to preserve order
[12:14:21.410] No idle drones available for zone 3; waiting to preserve order
[12:14:22.410] No idle drones available for zone 3; waiting to preserve order
[12:14:23.122] Zone 5 still needs 15L; re-queueing
[12:14:23.410] No idle drones available for zone 3; waiting to preserve order
[12:14:24.411] No idle drones available for zone 3; waiting to preserve order
[12:14:25.411] No idle drones available for zone 3; waiting to preserve order
[12:14:26.411] No idle drones available for zone 3; waiting to preserve order
[12:14:27.105] Zone 5 already active; queued follow-up fire (LOW)
[12:14:27.412] No idle drones available for zone 3; waiting to preserve order
[12:14:28.412] No idle drones available for zone 3; waiting to preserve order
[12:14:29.412] No idle drones available for zone 3; waiting to preserve order
[12:14:29.846] Zone 3 already active; queued follow-up fire (HIGH)
[12:14:30.413] No idle drones available for zone 3; waiting to preserve order
[12:14:31.413] No idle drones available for zone 3; waiting to preserve order
[12:14:32.413] No idle drones available for zone 3; waiting to preserve order
[12:14:33.413] No idle drones available for zone 3; waiting to preserve order
[12:14:34.414] No idle drones available for zone 3; waiting to preserve order
[12:14:35.414] No idle drones available for zone 3; waiting to preserve order
[12:14:36.915] No idle drones available for zone 5; waiting to preserve order
[12:14:37.040] Zone 3 follow-up fire is now active
[12:14:37.915] No idle drones available for zone 5; waiting to preserve order
[12:14:38.916] No idle drones available for zone 5; waiting to preserve order
[12:18:06.466] === Simulation session started ===
[12:18:06.798] === Simulation session started ===
[12:18:32.541] Zone 1 still needs 5L; re-queueing
[12:18:41.396] Zone 3 still needs 5L; re-queueing
[12:18:48.413] Zone 4 still needs 5L; re-queueing
[12:22:49.557] === Simulation session started ===
[12:22:49.567] === Simulation session started ===
[12:22:49.577] === Simulation session started ===
[12:22:49.983] === Simulation session started ===
[12:22:50.296] === Simulation session started ===
[12:22:50.348] === Simulation session started ===
[12:22:50.352] === Simulation session started ===
[12:22:50.355] === Simulation session started ===
[12:23:15.984] Zone 1 still needs 5L; re-queueing
[12:23:24.839] Zone 3 still needs 5L; re-queueing
[12:23:31.857] Zone 4 still needs 5L; re-queueing
[12:26:49.358] === Simulation session started ===
[12:26:49.585] === Simulation session started ===
[12:26:50.298] === Simulation session started ===
[12:26:51.011] === Simulation session started ===
[12:26:56.021] === Simulation session started ===
[12:26:57.677] === Simulation session started ===
[12:26:57.679] === Simulation session started ===
[12:26:57.683] === Simulation session started ===
[12:26:58.440] === Simulation session started ===
[12:26:58.441] === Simulation session started ===
[12:26:58.443] === Simulation session started ===
[13:28:50.059] === Simulation session started ===
[13:28:50.359] === Simulation session started ===
[13:29:16.173] Zone 1 still needs 5L; re-queueing
[13:29:25.031] Zone 3 still needs 5L; re-queueing
[13:29:32.047] Zone 4 still needs 5L; re-queueing
[13:31:45.823] === Simulation session started ===
[13:31:46.150] === Simulation session started ===
[13:32:11.892] Zone 1 still needs 5L; re-queueing
[13:32:20.747] Zone 3 still needs 5L; re-queueing
[13:32:27.764] Zone 4 still needs 5L; re-queueing
[13:34:03.606] === Simulation session started ===
[13:34:03.920] === Simulation session started ===
[13:34:29.646] Zone 1 still needs 5L; re-queueing
[13:34:38.501] Zone 3 still needs 5L; re-queueing
[13:35:47.298] === Simulation session started ===
[13:35:47.619] === Simulation session started ===
[13:36:50.604] === Simulation session started ===
[13:36:50.922] === Simulation session started ===
[13:37:07.764] No idle drones available for zone 1; waiting to preserve order
[13:37:08.764] No idle drones available for zone 1; waiting to preserve order
[13:37:09.765] No idle drones available for zone 1; waiting to preserve order
[13:37:10.765] No idle drones available for zone 1; waiting to preserve order
[13:37:11.765] No idle drones available for zone 1; waiting to preserve order
[13:37:12.766] No idle drones available for zone 1; waiting to preserve order
[13:37:13.766] No idle drones available for zone 1; waiting to preserve order
[13:37:14.767] No idle drones available for zone 1; waiting to preserve order
[13:37:15.767] No idle drones available for zone 1; waiting to preserve order
[13:37:16.768] No idle drones available for zone 1; waiting to preserve order
[13:37:17.768] No idle drones available for zone 1; waiting to preserve order
[13:37:18.769] No idle drones available for zone 1; waiting to preserve order
[13:37:19.769] No idle drones available for zone 1; waiting to preserve order
[13:37:20.769] No idle drones available for zone 1; waiting to preserve order
[13:37:21.770] No idle drones available for zone 1; waiting to preserve order
[13:37:22.770] No idle drones available for zone 1; waiting to preserve order
[13:37:23.771] No idle drones available for zone 1; waiting to preserve order
[13:37:24.771] No idle drones available for zone 1; waiting to preserve order
[13:37:25.772] No idle drones available for zone 1; waiting to preserve order
[13:37:26.772] No idle drones available for zone 1; waiting to preserve order
[13:37:28.274] No idle drones available for zone 5; waiting to preserve order
[13:37:29.274] No idle drones available for zone 5; waiting to preserve order
[13:37:30.275] No idle drones available for zone 5; waiting to preserve order
[13:37:31.275] No idle drones available for zone 5; waiting to preserve order
[13:37:32.276] No idle drones available for zone 5; waiting to preserve order
[13:37:33.276] No idle drones available for zone 5; waiting to preserve order
[13:37:34.277] No idle drones available for zone 5; waiting to preserve order
[13:37:35.277] No idle drones available for zone 5; waiting to preserve order
[13:37:36.278] No idle drones available for zone 5; waiting to preserve order
[13:37:36.686] Zone 1 still needs 5L; re-queueing
[13:37:37.278] No idle drones available for zone 5; waiting to preserve order
[13:37:38.279] No idle drones available for zone 5; waiting to preserve order
[13:37:39.279] No idle drones available for zone 5; waiting to preserve order
[13:37:40.279] No idle drones available for zone 5; waiting to preserve order
[13:37:41.280] No idle drones available for zone 5; waiting to preserve order
[13:37:42.280] No idle drones available for zone 5; waiting to preserve order
[13:37:43.781] No idle drones available for zone 3; waiting to preserve order
[13:37:44.782] No idle drones available for zone 3; waiting to preserve order
[13:37:45.782] No idle drones available for zone 3; waiting to preserve order
[13:37:46.783] No idle drones available for zone 3; waiting to preserve order
[13:37:47.783] No idle drones available for zone 3; waiting to preserve order
[13:37:48.783] No idle drones available for zone 3; waiting to preserve order
[13:37:49.784] No idle drones available for zone 3; waiting to preserve order
[13:37:50.784] No idle drones available for zone 3; waiting to preserve order
[13:37:51.784] No idle drones available for zone 3; waiting to preserve order
[13:37:52.785] No idle drones available for zone 3; waiting to preserve order
[13:37:53.785] No idle drones available for zone 3; waiting to preserve order
[13:37:54.785] No idle drones available for zone 3; waiting to preserve order
[13:37:55.786] No idle drones available for zone 3; waiting to preserve order
[13:37:56.786] No idle drones available for zone 3; waiting to preserve order
[13:37:57.787] No idle drones available for zone 3; waiting to preserve order
[13:37:58.368] Zone 4 already active; queued follow-up fire (HIGH)
[13:37:58.548] Zone 5 already active; queued follow-up fire (HIGH)
[13:37:58.787] No idle drones available for zone 3; waiting to preserve order
[13:37:59.787] No idle drones available for zone 3; waiting to preserve order
[13:38:00.788] No idle drones available for zone 3; waiting to preserve order
[13:38:01.788] No idle drones available for zone 3; waiting to preserve order
[13:38:02.789] No idle drones available for zone 3; waiting to preserve order
[13:38:03.789] No idle drones available for zone 3; waiting to preserve order
[13:38:04.349] Zone 3 already active; queued follow-up fire (HIGH)
[13:38:04.789] No idle drones available for zone 3; waiting to preserve order
[13:38:05.020] Zone 5 follow-up fire is now active
[13:38:05.790] No idle drones available for zone 3; waiting to preserve order
[13:38:06.790] No idle drones available for zone 3; waiting to preserve order
[13:38:07.790] No idle drones available for zone 3; waiting to preserve order
[13:38:08.791] No idle drones available for zone 3; waiting to preserve order
[13:38:09.791] No idle drones available for zone 3; waiting to preserve order
[13:38:10.792] No idle drones available for zone 3; waiting to preserve order
[13:38:11.792] No idle drones available for zone 3; waiting to preserve order
[13:38:12.792] No idle drones available for zone 3; waiting to preserve order
[13:38:13.793] No idle drones available for zone 3; waiting to preserve order
[13:40:18.117] === Simulation session started ===
[13:40:18.433] === Simulation session started ===
[13:40:35.264] No idle drones available for zone 1; waiting to preserve order
[13:40:36.265] No idle drones available for zone 1; waiting to preserve order
[13:40:37.265] No idle drones available for zone 1; waiting to preserve order
[13:40:38.266] No idle drones available for zone 1; waiting to preserve order
[13:40:39.266] No idle drones available for zone 1; waiting to preserve order
[13:40:40.267] No idle drones available for zone 1; waiting to preserve order
[13:40:41.267] No idle drones available for zone 1; waiting to preserve order
[13:40:42.268] No idle drones available for zone 1; waiting to preserve order
[13:40:43.268] No idle drones available for zone 1; waiting to preserve order
[13:40:44.269] No idle drones available for zone 1; waiting to preserve order
[13:40:45.269] No idle drones available for zone 1; waiting to preserve order
[13:40:46.270] No idle drones available for zone 1; waiting to preserve order
[13:40:47.270] No idle drones available for zone 1; waiting to preserve order
[13:40:48.271] No idle drones available for zone 1; waiting to preserve order
[13:40:49.271] No idle drones available for zone 1; waiting to preserve order
[13:40:50.271] No idle drones available for zone 1; waiting to preserve order
[13:40:51.272] No idle drones available for zone 1; waiting to preserve order
[13:40:52.272] No idle drones available for zone 1; waiting to preserve order
[13:40:53.273] No idle drones available for zone 1; waiting to preserve order
[13:40:54.273] No idle drones available for zone 1; waiting to preserve order
[13:40:55.775] No idle drones available for zone 5; waiting to preserve order
[13:40:56.776] No idle drones available for zone 5; waiting to preserve order
[13:40:57.776] No idle drones available for zone 5; waiting to preserve order
[13:40:58.777] No idle drones available for zone 5; waiting to preserve order
[13:40:59.777] No idle drones available for zone 5; waiting to preserve order
[13:41:00.778] No idle drones available for zone 5; waiting to preserve order
[13:41:19.556] === Simulation session started ===
[13:41:19.862] === Simulation session started ===
[13:41:36.703] No idle drones available for zone 1; waiting to preserve order
[13:41:37.703] No idle drones available for zone 1; waiting to preserve order
[13:41:38.703] No idle drones available for zone 1; waiting to preserve order
[13:41:39.704] No idle drones available for zone 1; waiting to preserve order
[13:41:40.704] No idle drones available for zone 1; waiting to preserve order
[13:41:41.705] No idle drones available for zone 1; waiting to preserve order
[13:41:42.706] No idle drones available for zone 1; waiting to preserve order
[13:41:43.706] No idle drones available for zone 1; waiting to preserve order
[13:41:44.706] No idle drones available for zone 1; waiting to preserve order
[13:41:45.707] No idle drones available for zone 1; waiting to preserve order
[13:41:46.707] No idle drones available for zone 1; waiting to preserve order
[13:41:47.708] No idle drones available for zone 1; waiting to preserve order
[13:41:48.708] No idle drones available for zone 1; waiting to preserve order
[13:41:49.709] No idle drones available for zone 1; waiting to preserve order
[13:41:50.709] No idle drones available for zone 1; waiting to preserve order
[13:41:51.710] No idle drones available for zone 1; waiting to preserve order
[13:41:52.710] No idle drones available for zone 1; waiting to preserve order
[13:41:53.710] No idle drones available for zone 1; waiting to preserve order
[13:41:54.711] No idle drones available for zone 1; waiting to preserve order
[13:41:55.711] No idle drones available for zone 1; waiting to preserve order
[13:41:57.213] No idle drones available for zone 5; waiting to preserve order
[13:41:58.214] No idle drones available for zone 5; waiting to preserve order
[13:41:59.214] No idle drones available for zone 5; waiting to preserve order
[13:42:00.215] No idle drones available for zone 5; waiting to preserve order
[13:42:01.215] No idle drones available for zone 5; waiting to preserve order
[13:42:02.216] No idle drones available for zone 5; waiting to preserve order
[13:42:03.216] No idle drones available for zone 5; waiting to preserve order
[13:42:04.216] No idle drones available for zone 5; waiting to preserve order
[13:42:05.217] No idle drones available for zone 5; waiting to preserve order
[13:42:05.626] Zone 1 still needs 5L; re-queueing
[13:42:06.217] No idle drones available for zone 5; waiting to preserve order
[13:42:07.218] No idle drones available for zone 5; waiting to preserve order
[13:42:08.218] No idle drones available for zone 5; waiting to preserve order
[13:42:09.219] No idle drones available for zone 5; waiting to preserve order
[13:42:10.219] No idle drones available for zone 5; waiting to preserve order
[13:42:11.219] No idle drones available for zone 5; waiting to preserve order
[13:42:12.720] No idle drones available for zone 3; waiting to preserve order
[13:42:13.721] No idle drones available for zone 3; waiting to preserve order
[13:42:14.721] No idle drones available for zone 3; waiting to preserve order
[13:42:15.721] No idle drones available for zone 3; waiting to preserve order
[13:42:16.722] No idle drones available for zone 3; waiting to preserve order
[13:42:17.722] No idle drones available for zone 3; waiting to preserve order
[13:42:18.722] No idle drones available for zone 3; waiting to preserve order
[13:42:19.723] No idle drones available for zone 3; waiting to preserve order
[13:42:20.723] No idle drones available for zone 3; waiting to preserve order
[13:42:21.723] No idle drones available for zone 3; waiting to preserve order
[13:42:22.724] No idle drones available for zone 3; waiting to preserve order
[13:42:23.724] No idle drones available for zone 3; waiting to preserve order
[13:42:24.725] No idle drones available for zone 3; waiting to preserve order
[13:42:25.725] No idle drones available for zone 3; waiting to preserve order
[13:42:26.725] No idle drones available for zone 3; waiting to preserve order
[13:42:27.307] Zone 4 already active; queued follow-up fire (HIGH)
[13:42:27.487] Zone 5 already active; queued follow-up fire (HIGH)
[13:42:27.725] No idle drones available for zone 3; waiting to preserve order
[13:42:28.726] No idle drones available for zone 3; waiting to preserve order
[13:42:29.726] No idle drones available for zone 3; waiting to preserve order
[13:42:30.727] No idle drones available for zone 3; waiting to preserve order
[13:42:31.727] No idle drones available for zone 3; waiting to preserve order
[13:42:32.727] No idle drones available for zone 3; waiting to preserve order
[13:42:33.288] Zone 3 already active; queued follow-up fire (HIGH)
[13:42:33.728] No idle drones available for zone 3; waiting to preserve order
[13:42:33.955] Zone 5 follow-up fire is now active
[13:42:34.728] No idle drones available for zone 3; waiting to preserve order
[13:42:35.728] No idle drones available for zone 3; waiting to preserve order
[13:42:36.729] No idle drones available for zone 3; waiting to preserve order
[13:42:37.729] No idle drones available for zone 3; waiting to preserve order
[13:42:38.730] No idle drones available for zone 3; waiting to preserve order
[13:42:39.730] No idle drones available for zone 3; waiting to preserve order
[13:42:40.730] No idle drones available for zone 3; waiting to preserve order
[13:42:41.731] No idle drones available for zone 3; waiting to preserve order
[13:42:42.731] No idle drones available for zone 3; waiting to preserve order
[13:42:43.731] No idle drones available for zone 3; waiting to preserve order
[13:42:44.733] No idle drones available for zone 3; waiting to preserve order
[13:42:45.734] No idle drones available for zone 3; waiting to preserve order
[13:42:46.734] No idle drones available for zone 3; waiting to preserve order
[13:44:49.280] === Simulation session started ===
[13:44:49.872] === Simulation session started ===
[13:45:06.454] No idle drones available for zone 1; waiting to preserve order
[13:45:07.455] No idle drones available for zone 1; waiting to preserve order
[13:45:08.456] No idle drones available for zone 1; waiting to preserve order
[13:45:09.456] No idle drones available for zone 1; waiting to preserve order
[13:45:10.457] No idle drones available for zone 1; waiting to preserve order
[13:45:11.457] No idle drones available for zone 1; waiting to preserve order
[13:45:12.458] No idle drones available for zone 1; waiting to preserve order
[13:45:13.458] No idle drones available for zone 1; waiting to preserve order
[13:45:14.458] No idle drones available for zone 1; waiting to preserve order
[13:45:15.459] No idle drones available for zone 1; waiting to preserve order
[13:45:16.459] No idle drones available for zone 1; waiting to preserve order
[13:45:17.460] No idle drones available for zone 1; waiting to preserve order
[13:45:18.460] No idle drones available for zone 1; waiting to preserve order
[13:45:19.461] No idle drones available for zone 1; waiting to preserve order
[13:45:20.461] No idle drones available for zone 1; waiting to preserve order
[13:45:21.462] No idle drones available for zone 1; waiting to preserve order
[13:45:22.462] No idle drones available for zone 1; waiting to preserve order
[13:45:23.463] No idle drones available for zone 1; waiting to preserve order
[13:45:24.463] No idle drones available for zone 1; waiting to preserve order
[13:45:25.464] No idle drones available for zone 1; waiting to preserve order
[13:45:26.965] No idle drones available for zone 5; waiting to preserve order
[13:45:27.966] No idle drones available for zone 5; waiting to preserve order
[13:45:28.966] No idle drones available for zone 5; waiting to preserve order
[13:45:29.967] No idle drones available for zone 5; waiting to preserve order
[13:45:30.967] No idle drones available for zone 5; waiting to preserve order
[13:45:31.968] No idle drones available for zone 5; waiting to preserve order
[13:45:32.968] No idle drones available for zone 5; waiting to preserve order
[13:45:33.969] No idle drones available for zone 5; waiting to preserve order
[13:45:34.969] No idle drones available for zone 5; waiting to preserve order
[13:45:35.378] Zone 1 still needs 5L; re-queueing
[13:45:35.969] No idle drones available for zone 5; waiting to preserve order
[13:45:36.970] No idle drones available for zone 5; waiting to preserve order
[13:45:37.970] No idle drones available for zone 5; waiting to preserve order
[13:45:38.971] No idle drones available for zone 5; waiting to preserve order
[13:45:39.971] No idle drones available for zone 5; waiting to preserve order
[13:45:40.972] No idle drones available for zone 5; waiting to preserve order
[13:45:42.473] No idle drones available for zone 3; waiting to preserve order
[13:45:43.473] No idle drones available for zone 3; waiting to preserve order
[13:45:44.474] No idle drones available for zone 3; waiting to preserve order
[13:45:45.474] No idle drones available for zone 3; waiting to preserve order
[13:45:46.475] No idle drones available for zone 3; waiting to preserve order
[13:45:47.475] No idle drones available for zone 3; waiting to preserve order
[13:45:48.476] No idle drones available for zone 3; waiting to preserve order
[13:45:49.476] No idle drones available for zone 3; waiting to preserve order
[13:45:50.477] No idle drones available for zone 3; waiting to preserve order
[13:45:51.477] No idle drones available for zone 3; waiting to preserve order
[13:45:52.478] No idle drones available for zone 3; waiting to preserve order
[13:45:53.478] No idle drones available for zone 3; waiting to preserve order
[13:45:54.479] No idle drones available for zone 3; waiting to preserve order
[13:45:55.479] No idle drones available for zone 3; waiting to preserve order
[13:45:56.480] No idle drones available for zone 3; waiting to preserve order
[13:45:57.058] Zone 4 already active; queued follow-up fire (HIGH)
[13:45:57.238] Zone 5 already active; queued follow-up fire (HIGH)
[13:45:57.480] No idle drones available for zone 3; waiting to preserve order
[13:46:34.762] === Simulation session started ===
[13:46:35.131] === Simulation session started ===
[13:46:52.003] No idle drones available for zone 1; waiting to preserve order
[13:46:53.003] No idle drones available for zone 1; waiting to preserve order
[13:46:54.003] No idle drones available for zone 1; waiting to preserve order
[13:46:55.004] No idle drones available for zone 1; waiting to preserve order
[13:46:56.005] No idle drones available for zone 1; waiting to preserve order
[13:46:57.005] No idle drones available for zone 1; waiting to preserve order
[13:46:58.005] No idle drones available for zone 1; waiting to preserve order
[13:46:59.006] No idle drones available for zone 1; waiting to preserve order
[13:47:00.006] No idle drones available for zone 1; waiting to preserve order
[13:47:01.007] No idle drones available for zone 1; waiting to preserve order
[13:47:02.007] No idle drones available for zone 1; waiting to preserve order
[13:47:03.008] No idle drones available for zone 1; waiting to preserve order
[13:47:04.008] No idle drones available for zone 1; waiting to preserve order
[13:47:05.009] No idle drones available for zone 1; waiting to preserve order
[13:47:06.010] No idle drones available for zone 1; waiting to preserve order
[13:47:07.010] No idle drones available for zone 1; waiting to preserve order
[13:47:08.011] No idle drones available for zone 1; waiting to preserve order
[13:47:09.011] No idle drones available for zone 1; waiting to preserve order
[13:47:10.012] No idle drones available for zone 1; waiting to preserve order
[13:47:11.012] No idle drones available for zone 1; waiting to preserve order
[13:47:12.514] No idle drones available for zone 5; waiting to preserve order
[13:47:13.514] No idle drones available for zone 5; waiting to preserve order
[13:47:14.515] No idle drones available for zone 5; waiting to preserve order
[13:47:15.515] No idle drones available for zone 5; waiting to preserve order
[13:47:16.516] No idle drones available for zone 5; waiting to preserve order
[13:47:17.516] No idle drones available for zone 5; waiting to preserve order
[13:47:18.516] No idle drones available for zone 5; waiting to preserve order
[13:47:19.517] No idle drones available for zone 5; waiting to preserve order
[13:47:20.517] No idle drones available for zone 5; waiting to preserve order
[13:47:20.927] Zone 1 still needs 5L; re-queueing
[13:47:21.518] No idle drones available for zone 5; waiting to preserve order
[13:47:22.518] No idle drones available for zone 5; waiting to preserve order
[13:47:23.519] No idle drones available for zone 5; waiting to preserve order
[13:47:24.519] No idle drones available for zone 5; waiting to preserve order
[13:47:25.519] No idle drones available for zone 5; waiting to preserve order
[13:47:26.520] No idle drones available for zone 5; waiting to preserve order
[13:47:28.021] No idle drones available for zone 3; waiting to preserve order
[13:47:29.021] No idle drones available for zone 3; waiting to preserve order
[13:47:30.022] No idle drones available for zone 3; waiting to preserve order
[13:47:31.022] No idle drones available for zone 3; waiting to preserve order
[13:47:32.023] No idle drones available for zone 3; waiting to preserve order
[13:47:32.586] Zone 1 already active; queued follow-up fire (LOW)
[13:47:33.023] No idle drones available for zone 3; waiting to preserve order
[13:47:34.023] No idle drones available for zone 3; waiting to preserve order
[13:47:35.024] No idle drones available for zone 3; waiting to preserve order
[13:47:36.024] No idle drones available for zone 3; waiting to preserve order
[13:47:37.025] No idle drones available for zone 3; waiting to preserve order
[13:47:38.025] No idle drones available for zone 3; waiting to preserve order
[13:47:39.025] No idle drones available for zone 3; waiting to preserve order
[13:47:40.026] No idle drones available for zone 3; waiting to preserve order
[13:47:41.026] No idle drones available for zone 3; waiting to preserve order
[13:47:42.027] No idle drones available for zone 3; waiting to preserve order
[13:47:42.606] Zone 4 already active; queued follow-up fire (HIGH)
[13:47:42.787] Zone 5 already active; queued follow-up fire (HIGH)
[13:47:43.027] No idle drones available for zone 3; waiting to preserve order
[13:49:55.968] === Simulation session started ===
[13:49:56.273] === Simulation session started ===
[13:50:13.113] No idle drones available for zone 1; waiting to preserve order
[13:50:14.113] No idle drones available for zone 1; waiting to preserve order
[13:50:15.114] No idle drones available for zone 1; waiting to preserve order
[13:50:16.114] No idle drones available for zone 1; waiting to preserve order
[13:50:17.115] No idle drones available for zone 1; waiting to preserve order
[13:50:18.115] No idle drones available for zone 1; waiting to preserve order
[13:50:19.115] No idle drones available for zone 1; waiting to preserve order
[13:50:20.116] No idle drones available for zone 1; waiting to preserve order
[13:50:21.116] No idle drones available for zone 1; waiting to preserve order
[13:50:22.117] No idle drones available for zone 1; waiting to preserve order
[13:50:23.117] No idle drones available for zone 1; waiting to preserve order
[13:50:24.117] No idle drones available for zone 1; waiting to preserve order
[13:50:25.118] No idle drones available for zone 1; waiting to preserve order
[13:50:26.118] No idle drones available for zone 1; waiting to preserve order
[13:50:27.119] No idle drones available for zone 1; waiting to preserve order
[13:50:28.119] No idle drones available for zone 1; waiting to preserve order
[13:50:29.119] No idle drones available for zone 1; waiting to preserve order
[13:50:30.120] No idle drones available for zone 1; waiting to preserve order
[13:50:31.120] No idle drones available for zone 1; waiting to preserve order
[13:50:32.121] No idle drones available for zone 1; waiting to preserve order
[13:50:33.622] No idle drones available for zone 5; waiting to preserve order
[13:50:34.623] No idle drones available for zone 5; waiting to preserve order
[13:50:35.623] No idle drones available for zone 5; waiting to preserve order
[13:50:36.624] No idle drones available for zone 5; waiting to preserve order
[13:50:37.624] No idle drones available for zone 5; waiting to preserve order
[13:50:38.625] No idle drones available for zone 5; waiting to preserve order
[13:50:39.625] No idle drones available for zone 5; waiting to preserve order
[13:50:40.626] No idle drones available for zone 5; waiting to preserve order
[13:50:41.626] No idle drones available for zone 5; waiting to preserve order
[13:50:42.036] Zone 1 still needs 5L; re-queueing
[13:50:42.627] No idle drones available for zone 5; waiting to preserve order
[13:50:43.627] No idle drones available for zone 5; waiting to preserve order
[13:50:44.628] No idle drones available for zone 5; waiting to preserve order
[13:50:45.628] No idle drones available for zone 5; waiting to preserve order
[13:50:46.628] No idle drones available for zone 5; waiting to preserve order
[13:50:47.629] No idle drones available for zone 5; waiting to preserve order
[13:50:49.130] No idle drones available for zone 3; waiting to preserve order
[13:50:50.130] No idle drones available for zone 3; waiting to preserve order
[13:50:51.131] No idle drones available for zone 3; waiting to preserve order
[13:50:52.131] No idle drones available for zone 3; waiting to preserve order
[13:50:53.131] No idle drones available for zone 3; waiting to preserve order
[13:50:53.696] Zone 1 already active; queued follow-up fire (LOW)
[13:50:54.132] No idle drones available for zone 3; waiting to preserve order
[13:50:55.132] No idle drones available for zone 3; waiting to preserve order
[13:50:56.132] No idle drones available for zone 3; waiting to preserve order
[13:50:57.133] No idle drones available for zone 3; waiting to preserve order
[13:50:58.133] No idle drones available for zone 3; waiting to preserve order
[13:50:59.134] No idle drones available for zone 3; waiting to preserve order
[13:51:00.134] No idle drones available for zone 3; waiting to preserve order
[13:51:01.134] No idle drones available for zone 3; waiting to preserve order
[13:51:02.135] No idle drones available for zone 3; waiting to preserve order
[13:51:03.135] No idle drones available for zone 3; waiting to preserve order
[13:51:03.717] Zone 4 already active; queued follow-up fire (HIGH)
[13:51:03.897] Zone 5 already active; queued follow-up fire (HIGH)
[13:51:04.135] No idle drones available for zone 3; waiting to preserve order
[13:51:05.136] No idle drones available for zone 3; waiting to preserve order
[13:51:06.136] No idle drones available for zone 3; waiting to preserve order
[13:51:07.136] No idle drones available for zone 3; waiting to preserve order
[13:51:08.137] No idle drones available for zone 3; waiting to preserve order
[13:51:09.137] No idle drones available for zone 3; waiting to preserve order
[13:51:09.698] Zone 3 already active; queued follow-up fire (HIGH)
[13:51:10.138] No idle drones available for zone 3; waiting to preserve order
[13:51:10.366] Zone 5 follow-up fire is now active
[13:51:11.138] No idle drones available for zone 3; waiting to preserve order
[13:51:12.138] No idle drones available for zone 3; waiting to preserve order
[13:51:13.139] No idle drones available for zone 3; waiting to preserve order
[13:51:14.139] No idle drones available for zone 3; waiting to preserve order
[13:51:15.140] No idle drones available for zone 3; waiting to preserve order
[13:51:16.140] No idle drones available for zone 3; waiting to preserve order
[13:51:17.140] No idle drones available for zone 3; waiting to preserve order
[13:51:18.141] No idle drones available for zone 3; waiting to preserve order
[13:51:19.141] No idle drones available for zone 3; waiting to preserve order
[13:51:20.142] No idle drones available for zone 3; waiting to preserve order
[13:51:21.142] No idle drones available for zone 3; waiting to preserve order
[13:51:22.142] No idle drones available for zone 3; waiting to preserve order
[13:51:23.143] No idle drones available for zone 3; waiting to preserve order
[13:51:24.143] No idle drones available for zone 3; waiting to preserve order
[13:51:25.143] No idle drones available for zone 3; waiting to preserve order
[13:51:26.144] No idle drones available for zone 3; waiting to preserve order
[13:51:27.144] No idle drones available for zone 3; waiting to preserve order
[13:51:28.144] No idle drones available for zone 3; waiting to preserve order
[13:51:28.179] Zone 1 already active; queued follow-up fire (LOW)
[13:51:29.145] No idle drones available for zone 3; waiting to preserve order
[13:51:30.646] No idle drones available for zone 4; waiting to preserve order
[13:51:31.647] No idle drones available for zone 4; waiting to preserve order
[13:51:32.647] No idle drones available for zone 4; waiting to preserve order
[13:51:33.648] No idle drones available for zone 4; waiting to preserve order
[13:51:34.648] No idle drones available for zone 4; waiting to preserve order
[13:51:35.648] No idle drones available for zone 4; waiting to preserve order
[13:51:36.649] No idle drones available for zone 4; waiting to preserve order
[13:51:51.316] === Simulation session started ===
[13:51:51.623] === Simulation session started ===
[13:52:17.376] Zone 1 still needs 5L; re-queueing
[13:52:26.222] Zone 3 still needs 5L; re-queueing
[13:52:33.231] Zone 4 still needs 5L; re-queueing
[13:52:59.066] Zone 4 already active; queued follow-up fire (HIGH)
[13:53:11.312] Zone 4 follow-up fire is now active
[13:53:27.530] Zone 5 still needs 15L; re-queueing
[13:53:33.969] Zone 5 already active; queued follow-up fire (LOW)
[13:53:36.709] Zone 3 already active; queued follow-up fire (HIGH)
[13:56:25.534] === Simulation session started ===
[13:56:25.849] === Simulation session started ===
[13:56:42.690] No idle drones available for zone 1; waiting to preserve order
[13:56:43.691] No idle drones available for zone 1; waiting to preserve order
[13:56:44.691] No idle drones available for zone 1; waiting to preserve order
[13:56:45.692] No idle drones available for zone 1; waiting to preserve order
[13:56:46.692] No idle drones available for zone 1; waiting to preserve order
[13:56:47.693] No idle drones available for zone 1; waiting to preserve order
[13:56:48.693] No idle drones available for zone 1; waiting to preserve order
[13:56:49.694] No idle drones available for zone 1; waiting to preserve order
[13:56:50.694] No idle drones available for zone 1; waiting to preserve order
[13:56:51.695] No idle drones available for zone 1; waiting to preserve order
[13:56:52.695] No idle drones available for zone 1; waiting to preserve order
[13:56:53.696] No idle drones available for zone 1; waiting to preserve order
[13:56:54.696] No idle drones available for zone 1; waiting to preserve order
[13:56:55.697] No idle drones available for zone 1; waiting to preserve order
[13:56:56.697] No idle drones available for zone 1; waiting to preserve order
[13:56:57.698] No idle drones available for zone 1; waiting to preserve order
[13:56:58.698] No idle drones available for zone 1; waiting to preserve order
[13:56:59.699] No idle drones available for zone 1; waiting to preserve order
[13:57:00.699] No idle drones available for zone 1; waiting to preserve order
[13:57:01.700] No idle drones available for zone 1; waiting to preserve order
[13:57:03.202] No idle drones available for zone 5; waiting to preserve order
[13:57:04.202] No idle drones available for zone 5; waiting to preserve order
[13:57:05.203] No idle drones available for zone 5; waiting to preserve order
[13:57:06.203] No idle drones available for zone 5; waiting to preserve order
[13:57:07.204] No idle drones available for zone 5; waiting to preserve order
[13:57:08.204] No idle drones available for zone 5; waiting to preserve order
[13:57:09.204] No idle drones available for zone 5; waiting to preserve order
[13:57:10.205] No idle drones available for zone 5; waiting to preserve order
[13:57:11.205] No idle drones available for zone 5; waiting to preserve order
[13:57:11.615] Zone 1 still needs 5L; re-queueing
[13:57:12.206] No idle drones available for zone 5; waiting to preserve order
[13:57:13.206] No idle drones available for zone 5; waiting to preserve order
[13:57:14.207] No idle drones available for zone 5; waiting to preserve order
[13:57:15.207] No idle drones available for zone 5; waiting to preserve order
[13:57:16.208] No idle drones available for zone 5; waiting to preserve order
[13:57:17.208] No idle drones available for zone 5; waiting to preserve order
[13:57:18.709] No idle drones available for zone 3; waiting to preserve order
[13:57:19.710] No idle drones available for zone 3; waiting to preserve order
[13:57:20.710] No idle drones available for zone 3; waiting to preserve order
[13:57:21.711] No idle drones available for zone 3; waiting to preserve order
[13:57:22.711] No idle drones available for zone 3; waiting to preserve order
[13:57:23.273] Zone 1 already active; queued follow-up fire (LOW)
[13:57:23.711] No idle drones available for zone 3; waiting to preserve order
[13:57:24.712] No idle drones available for zone 3; waiting to preserve order
[13:57:25.712] No idle drones available for zone 3; waiting to preserve order
[13:57:26.713] No idle drones available for zone 3; waiting to preserve order
[13:57:27.713] No idle drones available for zone 3; waiting to preserve order
[13:57:28.714] No idle drones available for zone 3; waiting to preserve order
[13:57:29.714] No idle drones available for zone 3; waiting to preserve order
[13:57:30.714] No idle drones available for zone 3; waiting to preserve order
[13:57:31.715] No idle drones available for zone 3; waiting to preserve order
[13:57:32.715] No idle drones available for zone 3; waiting to preserve order
[13:57:33.294] Zone 4 already active; queued follow-up fire (HIGH)
[13:57:33.475] Zone 5 already active; queued follow-up fire (HIGH)
[13:57:33.716] No idle drones available for zone 3; waiting to preserve order
[13:57:57.583] === Simulation session started ===
[13:57:57.887] === Simulation session started ===
[13:58:23.640] Zone 1 still needs 5L; re-queueing
[13:58:32.488] Zone 3 still needs 5L; re-queueing
[13:58:44.470] Zone 4 still needs 5L; re-queueing
[13:59:46.726] === Simulation session started ===
[13:59:47.052] === Simulation session started ===
[14:00:12.803] Zone 1 still needs 5L; re-queueing
[14:00:21.652] Zone 3 still needs 5L; re-queueing
[14:00:33.634] Zone 4 still needs 5L; re-queueing
[14:00:44.472] Zone 1 already active; queued follow-up fire (LOW)
[14:03:53.904] === Simulation session started ===
[14:03:54.220] === Simulation session started ===
[14:04:19.984] Zone 1 still needs 5L; waiting for drone return to re-queue
[14:04:19.984] Zone 1 re-queued after drone 1 started returning
[14:04:28.832] Zone 3 still needs 5L; waiting for drone return to re-queue
[14:04:28.833] Zone 3 re-queued after drone 3 started returning
[14:04:40.817] Zone 4 still needs 5L; waiting for drone return to re-queue
[14:04:40.817] Zone 4 re-queued after drone 5 started returning
[14:07:17.215] === Simulation session started ===
[14:07:17.517] === Simulation session started ===
[14:07:43.300] Zone 1 still needs 5L; waiting for drone return to re-queue
[14:07:43.300] Zone 1 re-queued after drone 1 started returning
[14:07:52.149] Zone 3 still needs 5L; waiting for drone return to re-queue
[14:07:52.149] Zone 3 re-queued after drone 3 started returning
[14:07:58.642] === Simulation session started ===
[14:07:58.929] === Simulation session started ===
[14:08:24.694] Zone 1 still needs 5L; waiting for drone return to re-queue
[14:08:24.694] Zone 1 re-queued after drone 1 started returning
[14:08:33.540] Zone 3 still needs 5L; waiting for drone return to re-queue
[14:08:33.540] Zone 3 re-queued after drone 3 started returning
[14:08:45.525] Zone 4 still needs 5L; waiting for drone return to re-queue
[14:08:45.525] Zone 4 re-queued after drone 5 started returning
[14:09:22.605] Zone 3 still needs 15L; waiting for drone return to re-queue
[14:09:22.605] Zone 3 re-queued after drone 11 started returning
[14:09:26.711] Zone 4 still needs 15L; waiting for drone return to re-queue
[14:09:26.711] Zone 4 re-queued after drone 10 started returning
[14:09:41.287] Zone 5 already active; queued follow-up fire (LOW)
[14:09:44.833] Zone 5 still needs 15L; waiting for drone return to re-queue
[14:09:44.833] Zone 5 re-queued after drone 13 started returning
[14:09:58.650] Zone 3 still needs 15L; waiting for drone return to re-queue
[14:09:58.650] Zone 3 re-queued after drone 16 started returning
[14:10:06.560] Zone 5 follow-up fire is now active
[14:10:20.509] Zone 5 already active; queued follow-up fire (HIGH)
[14:10:28.286] Zone 5 follow-up fire is now active
[14:10:30.037] Zone 4 still needs 15L; waiting for drone return to re-queue
[14:10:30.037] Zone 4 re-queued after drone 0 started returning
[14:10:31.871] Zone 4 already active; queued follow-up fire (LOW)
[14:10:33.281] Zone 1 still needs 15L; waiting for drone return to re-queue
[14:10:33.281] Zone 1 re-queued after drone 2 started returning
[14:10:39.892] Zone 5 already active; queued follow-up fire (HIGH)
[14:10:40.210] Zone 2 still needs 15L; waiting for drone return to re-queue
[14:10:40.210] Zone 2 re-queued after drone 1 started returning
[14:10:40.806] Zone 3 still needs 15L; waiting for drone return to re-queue
[14:10:40.806] Zone 3 re-queued after drone 3 started returning
[14:10:50.009] Zone 5 still needs 15L; waiting for drone return to re-queue
[14:10:50.009] Zone 5 re-queued after drone 5 started returning
[14:10:54.104] Zone 4 follow-up fire is now active
[14:11:01.714] Zone 4 already active; queued follow-up fire (MODERATE)
[14:11:11.730] Zone 5 follow-up fire is now active
[14:11:14.429] Zone 4 follow-up fire is now active
[14:11:16.132] Zone 3 still needs 5L; waiting for drone return to re-queue
[14:11:16.132] Zone 3 re-queued after drone 15 started returning
[14:11:33.448] Zone 5 still needs 15L; waiting for drone return to re-queue
[14:11:33.448] Zone 5 re-queued after drone 16 started returning
[14:11:34.748] Zone 4 still needs 5L; waiting for drone return to re-queue
[14:11:34.748] Zone 4 re-queued after drone 17 started returning
[14:11:42.396] Zone 5 already active; queued follow-up fire (HIGH)
[14:11:55.166] Zone 5 follow-up fire is now active
[14:12:16.887] Zone 5 still needs 15L; waiting for drone return to re-queue
[14:12:16.887] Zone 5 re-queued after drone 3 started returning
[14:12:50.532] Zone 3 still needs 5L; waiting for drone return to re-queue
[14:12:50.532] Zone 3 re-queued after drone 7 started returning
[14:12:54.659] Zone 4 still needs 15L; waiting for drone return to re-queue
[14:12:54.659] Zone 4 re-queued after drone 5 started returning
[14:13:11.321] Zone 2 still needs 5L; waiting for drone return to re-queue
[14:13:11.321] Zone 2 re-queued after drone 10 started returning
[14:13:52.325] Zone 5 still needs 15L; waiting for drone return to re-queue
[14:13:52.325] Zone 5 re-queued after drone 13 started returning
[14:14:11.657] Zone 3 still needs 5L; waiting for drone return to re-queue
[14:14:11.657] Zone 3 re-queued after drone 16 started returning
[14:14:16.862] Zone 4 still needs 15L; waiting for drone return to re-queue
[14:14:16.862] Zone 4 re-queued after drone 15 started returning
[14:14:26.403] Zone 4 already active; queued follow-up fire (LOW)
[14:14:33.944] Zone 1 already active; queued follow-up fire (LOW)
[14:14:34.511] Zone 1 still needs 5L; waiting for drone return to re-queue
[14:14:34.511] Zone 1 re-queued after drone 0 started returning
[14:14:37.184] Zone 4 follow-up fire is now active
[14:14:43.418] Zone 1 follow-up fire is now active
[14:15:20.192] Zone 5 still needs 15L; waiting for drone return to re-queue
[14:15:20.192] Zone 5 re-queued after drone 4 started returning
[14:15:25.647] Zone 4 still needs 15L; waiting for drone return to re-queue
[14:15:25.647] Zone 4 re-queued after drone 5 started returning
[14:15:45.855] Zone 1 still needs 15L; waiting for drone return to re-queue
[14:15:45.855] Zone 1 re-queued after drone 9 started returning
[14:15:53.662] Zone 3 still needs 15L; waiting for drone return to re-queue
[14:15:53.662] Zone 3 re-queued after drone 10 started returning
[14:16:02.069] Zone 3 already active; queued follow-up fire (LOW)
[14:16:08.275] Zone 3 follow-up fire is now active
[14:16:08.986] Zone 4 still needs 15L; waiting for drone return to re-queue
[14:16:08.986] Zone 4 re-queued after drone 12 started returning
[14:16:19.792] Zone 4 already active; queued follow-up fire (LOW)
[14:16:26.561] Zone 5 still needs 15L; waiting for drone return to re-queue
[14:16:26.561] Zone 5 re-queued after drone 14 started returning
[14:16:29.302] Zone 4 follow-up fire is now active
[14:16:34.589] === Simulation session started ===
[14:16:34.918] === Simulation session started ===
[14:16:56.981] Zone 1 still needs 5L; waiting for drone return to re-queue
[14:16:56.982] Zone 1 re-queued after drone 1 started returning
[14:17:01.552] Zone 3 still needs 5L; waiting for drone return to re-queue
[14:17:01.552] Zone 3 re-queued after drone 3 started returning
[14:17:05.583] Zone 4 still needs 5L; waiting for drone return to re-queue
[14:17:05.583] Zone 4 re-queued after drone 5 started returning
[14:49:45.606] === Simulation session started ===
[14:49:45.905] === Simulation session started ===
[14:51:32.873] === Simulation session started ===
[14:53:38.120] === Simulation session started ===
[14:53:38.500] === Simulation session started ===
[14:54:01.706] Zone 1 still needs 5L; waiting for drone return to re-queue
[14:54:01.706] Zone 1 re-queued after drone 1 started returning
[14:54:07.699] Zone 3 still needs 5L; waiting for drone return to re-queue
[14:54:07.699] Zone 3 re-queued after drone 3 started returning
[14:54:14.384] Zone 4 still needs 5L; waiting for drone return to re-queue
[14:54:14.384] Zone 4 re-queued after drone 5 started returning
[14:54:58.022] Zone 4 still needs 15L; waiting for drone return to re-queue
[14:54:58.022] Zone 4 re-queued after drone 10 started returning
[14:54:59.225] Zone 5 still needs 15L; waiting for drone return to re-queue
[14:54:59.225] Zone 5 re-queued after drone 11 started returning
[14:55:01.145] Zone 3 still needs 15L; waiting for drone return to re-queue
[14:55:01.145] Zone 3 re-queued after drone 12 started returning
[14:55:32.809] Zone 3 still needs 15L; waiting for drone return to re-queue
[14:55:32.809] Zone 3 re-queued after drone 18 started returning
[15:35:59.655] === Simulation session started ===
[15:35:59.971] === Simulation session started ===
[15:36:23.254] Zone 1 still needs 5L; waiting for drone return to re-queue
[15:36:23.254] Zone 1 re-queued after drone 1 started returning
[15:36:29.251] Zone 3 still needs 5L; waiting for drone return to re-queue
[15:36:29.251] Zone 3 re-queued after drone 3 started returning
[15:36:35.931] Zone 4 still needs 5L; waiting for drone return to re-queue
[15:36:35.931] Zone 4 re-queued after drone 5 started returning
[15:37:19.572] Zone 4 still needs 15L; waiting for drone return to re-queue
[15:37:19.572] Zone 4 re-queued after drone 10 started returning
[15:37:20.776] Zone 5 still needs 15L; waiting for drone return to re-queue
[15:37:20.776] Zone 5 re-queued after drone 11 started returning
[15:37:22.695] Zone 3 still needs 15L; waiting for drone return to re-queue
[15:37:22.695] Zone 3 re-queued after drone 12 started returning
[15:37:54.359] Zone 3 still needs 15L; waiting for drone return to re-queue
[15:37:54.359] Zone 3 re-queued after drone 18 started returning
[15:41:53.704] === Simulation session started ===
[15:41:54.015] === Simulation session started ===
[15:42:17.306] Zone 1 still needs 5L; waiting for drone return to re-queue
[15:42:17.306] Zone 1 re-queued after drone 1 started returning
[15:42:23.304] Zone 3 still needs 5L; waiting for drone return to re-queue
[15:42:23.304] Zone 3 re-queued after drone 3 started returning
[15:42:29.984] Zone 4 still needs 5L; waiting for drone return to re-queue
[15:42:29.984] Zone 4 re-queued after drone 5 started returning
[15:43:13.625] Zone 4 still needs 15L; waiting for drone return to re-queue
[15:43:13.625] Zone 4 re-queued after drone 10 started returning
[15:43:14.829] Zone 5 still needs 15L; waiting for drone return to re-queue
[15:43:14.829] Zone 5 re-queued after drone 11 started returning
[15:43:16.748] Zone 3 still needs 15L; waiting for drone return to re-queue
[15:43:16.748] Zone 3 re-queued after drone 12 started returning
[15:43:48.412] Zone 3 still needs 15L; waiting for drone return to re-queue
[15:43:48.412] Zone 3 re-queued after drone 18 started returning
[15:44:16.951] Zone 4 still needs 15L; waiting for drone return to re-queue
[15:44:16.951] Zone 4 re-queued after drone 0 started returning
[15:44:25.141] Zone 3 still needs 15L; waiting for drone return to re-queue
[15:44:25.141] Zone 3 re-queued after drone 1 started returning
[15:44:25.615] Zone 1 still needs 15L; waiting for drone return to re-queue
[15:44:25.615] Zone 1 re-queued after drone 3 started returning
[15:44:26.935] Zone 4 already active; queued follow-up fire (LOW)
[15:44:27.269] Zone 2 still needs 15L; waiting for drone return to re-queue
[15:44:27.269] Zone 2 re-queued after drone 2 started returning
[15:44:32.311] Zone 5 still needs 15L; waiting for drone return to re-queue
[15:44:32.311] Zone 5 re-queued after drone 5 started returning
[15:44:33.426] Zone 4 follow-up fire is now active
[15:44:34.956] Zone 5 already active; queued follow-up fire (HIGH)
[15:44:45.181] Zone 5 follow-up fire is now active
[15:44:58.052] Zone 5 still needs 15L; waiting for drone return to re-queue
[15:44:58.052] Zone 5 re-queued after drone 12 started returning
[15:45:05.890] Zone 3 still needs 5L; waiting for drone return to re-queue
[15:45:05.891] Zone 3 re-queued after drone 15 started returning
[15:45:09.249] Zone 4 still needs 5L; waiting for drone return to re-queue
[15:45:09.250] Zone 4 re-queued after drone 16 started returning
[15:45:50.336] Zone 5 still needs 15L; waiting for drone return to re-queue
[15:45:50.336] Zone 5 re-queued after drone 4 started returning
[15:46:40.295] Zone 3 still needs 5L; waiting for drone return to re-queue
[15:46:40.295] Zone 3 re-queued after drone 8 started returning
[15:46:41.573] Zone 4 still needs 15L; waiting for drone return to re-queue
[15:46:41.573] Zone 4 re-queued after drone 6 started returning
[15:46:59.631] Zone 2 still needs 5L; waiting for drone return to re-queue
[15:46:59.631] Zone 2 re-queued after drone 12 started returning
[15:47:38.539] Zone 5 still needs 15L; waiting for drone return to re-queue
[15:47:38.539] Zone 5 re-queued after drone 14 started returning
[15:48:01.419] Zone 3 still needs 5L; waiting for drone return to re-queue
[15:48:01.419] Zone 3 re-queued after drone 17 started returning
[15:48:03.774] Zone 4 still needs 15L; waiting for drone return to re-queue
[15:48:03.774] Zone 4 re-queued after drone 16 started returning
[15:48:27.123] Zone 1 still needs 5L; waiting for drone return to re-queue
[15:48:27.123] Zone 1 re-queued after drone 1 started returning
[15:48:29.007] Zone 1 already active; queued follow-up fire (LOW)
[15:48:33.580] Zone 1 follow-up fire is now active
[15:49:06.402] Zone 5 still needs 15L; waiting for drone return to re-queue
[15:49:06.402] Zone 5 re-queued after drone 5 started returning
[15:49:12.561] Zone 4 still needs 15L; waiting for drone return to re-queue
[15:49:12.561] Zone 4 re-queued after drone 6 started returning
[15:49:38.468] Zone 1 still needs 15L; waiting for drone return to re-queue
[15:49:38.468] Zone 1 re-queued after drone 10 started returning
[15:49:43.426] Zone 3 still needs 15L; waiting for drone return to re-queue
[15:49:43.426] Zone 3 re-queued after drone 11 started returning
[15:49:56.094] Zone 4 still needs 15L; waiting for drone return to re-queue
[15:49:56.094] Zone 4 re-queued after drone 14 started returning
[15:50:12.766] Zone 5 still needs 15L; waiting for drone return to re-queue
[15:50:12.766] Zone 5 re-queued after drone 17 started returning
[15:50:22.540] Zone 2 still needs 15L; waiting for drone return to re-queue
[15:50:22.540] Zone 2 re-queued after drone 19 started returning
[15:50:49.053] Zone 1 still needs 5L; waiting for drone return to re-queue
[15:50:49.053] Zone 1 re-queued after drone 3 started returning
[15:50:54.271] Zone 3 still needs 15L; waiting for drone return to re-queue
[15:50:54.271] Zone 3 re-queued after drone 4 started returning
[15:51:37.072] Zone 5 still needs 5L; waiting for drone return to re-queue
[15:51:37.072] Zone 5 re-queued after drone 7 started returning
[16:23:48.343] === Simulation session started ===
[16:23:48.728] === Simulation session started ===
[16:24:10.736] Zone 1 still needs 5L; waiting for drone return to re-queue
[16:24:10.737] Zone 1 re-queued after drone 1 started returning
[16:24:15.307] Zone 3 still needs 5L; waiting for drone return to re-queue
[16:24:15.307] Zone 3 re-queued after drone 3 started returning
[16:24:19.340] Zone 4 still needs 5L; waiting for drone return to re-queue
[16:24:19.340] Zone 4 re-queued after drone 5 started returning
[16:25:04.204] Zone 4 still needs 15L; waiting for drone return to re-queue
[16:25:04.204] Zone 4 re-queued after drone 10 started returning
[16:25:05.057] Zone 5 still needs 15L; waiting for drone return to re-queue
[16:25:05.057] Zone 5 re-queued after drone 11 started returning
[16:25:08.753] Zone 3 still needs 15L; waiting for drone return to re-queue
[16:25:08.753] Zone 3 re-queued after drone 12 started returning
[16:25:40.418] Zone 3 still needs 15L; waiting for drone return to re-queue
[16:25:40.418] Zone 3 re-queued after drone 18 started returning
[16:31:45.269] === Simulation session started ===
[16:31:45.569] === Simulation session started ===
[16:43:19.597] === Simulation session started ===
[16:43:19.906] === Simulation session started ===
[16:43:48.708] Zone 1 still needs 5L; waiting for drone return to re-queue
[16:43:48.709] Zone 1 re-queued after drone 5 started returning
[16:43:51.778] Zone 3 still needs 5L; waiting for drone return to re-queue
[16:43:51.778] Zone 3 re-queued after drone 7 started returning
[16:43:54.508] Zone 4 still needs 5L; waiting for drone return to re-queue
[16:43:54.509] Zone 4 re-queued after drone 9 started returning
[16:44:40.170] Zone 4 still needs 15L; waiting for drone return to re-queue
[16:44:40.170] Zone 4 re-queued after drone 15 started returning
[16:44:41.023] Zone 5 still needs 15L; waiting for drone return to re-queue
[16:44:41.023] Zone 5 re-queued after drone 16 started returning
[16:44:44.719] Zone 3 still needs 15L; waiting for drone return to re-queue
[16:44:44.719] Zone 3 re-queued after drone 17 started returning
[16:45:16.380] Zone 3 still needs 15L; waiting for drone return to re-queue
[16:45:16.380] Zone 3 re-queued after drone 3 started returning
[16:45:43.493] Zone 4 still needs 15L; waiting for drone return to re-queue
[16:45:43.493] Zone 4 re-queued after drone 5 started returning
[16:45:54.641] Zone 5 still needs 15L; waiting for drone return to re-queue
[16:45:54.641] Zone 5 re-queued after drone 7 started returning
[16:45:55.769] Zone 2 still needs 15L; waiting for drone return to re-queue
[16:45:55.769] Zone 2 re-queued after drone 9 started returning
[16:45:56.221] Zone 3 still needs 15L; waiting for drone return to re-queue
[16:45:56.221] Zone 3 re-queued after drone 10 started returning
[16:45:56.613] Zone 1 still needs 15L; waiting for drone return to re-queue
[16:45:56.613] Zone 1 re-queued after drone 11 started returning
[16:46:05.584] Zone 5 already active; queued follow-up fire (HIGH)
[16:46:06.213] Zone 5 follow-up fire is now active
[16:46:14.655] Zone 5 still needs 15L; waiting for drone return to re-queue
[16:46:14.655] Zone 5 re-queued after drone 17 started returning
[16:46:33.865] Zone 3 still needs 5L; waiting for drone return to re-queue
[16:46:33.865] Zone 3 re-queued after drone 0 started returning
[16:46:35.796] Zone 4 still needs 5L; waiting for drone return to re-queue
[16:46:35.796] Zone 4 re-queued after drone 1 started returning
[16:47:16.529] Zone 5 still needs 15L; waiting for drone return to re-queue
[16:47:16.529] Zone 5 re-queued after drone 5 started returning
[16:48:08.121] Zone 4 still needs 15L; waiting for drone return to re-queue
[16:48:08.121] Zone 4 re-queued after drone 7 started returning
[16:48:08.270] Zone 3 still needs 5L; waiting for drone return to re-queue
[16:48:08.270] Zone 3 re-queued after drone 9 started returning
[16:48:26.883] Zone 2 still needs 5L; waiting for drone return to re-queue
[16:48:26.883] Zone 2 re-queued after drone 15 started returning
[16:49:04.736] Zone 5 still needs 15L; waiting for drone return to re-queue
[16:49:04.736] Zone 5 re-queued after drone 17 started returning
[16:49:29.394] Zone 3 still needs 5L; waiting for drone return to re-queue
[16:49:29.394] Zone 3 re-queued after drone 0 started returning
[16:49:30.321] Zone 4 still needs 15L; waiting for drone return to re-queue
[16:49:30.321] Zone 4 re-queued after drone 19 started returning
[16:49:56.525] Zone 1 still needs 5L; waiting for drone return to re-queue
[16:49:56.525] Zone 1 re-queued after drone 4 started returning
[16:49:59.635] Zone 1 already active; queued follow-up fire (LOW)
[16:50:01.756] Zone 1 follow-up fire is now active
[16:50:32.598] Zone 5 still needs 15L; waiting for drone return to re-queue
[16:50:32.598] Zone 5 re-queued after drone 9 started returning
[16:50:39.106] Zone 4 still needs 15L; waiting for drone return to re-queue
[16:50:39.106] Zone 4 re-queued after drone 10 started returning
[16:51:07.869] Zone 1 still needs 15L; waiting for drone return to re-queue
[16:51:07.869] Zone 1 re-queued after drone 14 started returning
[16:51:11.400] Zone 3 still needs 15L; waiting for drone return to re-queue
[16:51:11.400] Zone 3 re-queued after drone 15 started returning
[16:51:22.451] Zone 4 still needs 15L; waiting for drone return to re-queue
[16:51:22.451] Zone 4 re-queued after drone 18 started returning
[16:51:38.961] Zone 5 still needs 15L; waiting for drone return to re-queue
[16:51:38.961] Zone 5 re-queued after drone 1 started returning
[16:51:49.793] Zone 2 still needs 15L; waiting for drone return to re-queue
[16:51:49.793] Zone 2 re-queued after drone 4 started returning
[16:52:18.456] Zone 1 still needs 5L; waiting for drone return to re-queue
[16:52:18.457] Zone 1 re-queued after drone 7 started returning
[16:52:22.245] Zone 3 still needs 15L; waiting for drone return to re-queue
[16:52:22.245] Zone 3 re-queued after drone 9 started returning
[16:53:03.267] Zone 5 still needs 5L; waiting for drone return to re-queue
[16:53:03.267] Zone 5 re-queued after drone 12 started returning
